---
- name: Create bookworm building environment
  ansible.builtin.command:
    cmd: debspawn create bookworm
