---
- name: Create bullseye building environment
  ansible.builtin.command:
    cmd: debspawn create bullseye
