---
- name: Install Debian Packaging tool debspawn
  become: true
  become_user: root
  ansible.builtin.apt:
    name: debspawn
    state: present
