- hosts: all
  any_errors_fatal: yes
  become: true

  tasks:
    - import_role:
        name: packages
