---
- name: update grub
  ansible.builtin.command: update-grub
  when: ansible_os_family == 'Debian'
